\BOOKMARK [1][-]{section.1}{\376\377\000W\000h\000y\000\040\000T\000h\000i\000s\000\040\000P\000r\000o\000b\000l\000e\000m\000\040\000M\000a\000t\000t\000e\000r\000s}{}% 1
\BOOKMARK [1][-]{section.2}{\376\377\000T\000h\000e\000\040\000E\000c\000o\000n\000o\000m\000i\000c\000\040\000S\000e\000t\000t\000i\000n\000g}{}% 2
\BOOKMARK [2][-]{subsection.2.1}{\376\377\000W\000h\000y\000\040\000t\000h\000e\000\040\000l\000o\000a\000d\000\040\000c\000u\000r\000v\000e\000\040\000h\000a\000s\000\040\000t\000h\000e\000\040\000s\000h\000a\000p\000e\000\040\000i\000t\000\040\000h\000a\000s}{section.2}% 3
\BOOKMARK [2][-]{subsection.2.2}{\376\377\000T\000u\000r\000k\000e\000y\000'\000s\000\040\000e\000l\000e\000c\000t\000r\000i\000c\000i\000t\000y\000\040\000m\000a\000r\000k\000e\000t\000:\000\040\000w\000h\000o\000\040\000u\000s\000e\000s\000\040\000t\000h\000e\000s\000e\000\040\000f\000o\000r\000e\000c\000a\000s\000t\000s}{section.2}% 4
\BOOKMARK [2][-]{subsection.2.3}{\376\377\000T\000h\000e\000\040\000s\000y\000s\000t\000e\000m\000a\000t\000i\000c\000\040\000u\000n\000d\000e\000r\000p\000r\000e\000d\000i\000c\000t\000i\000o\000n\000\040\000p\000u\000z\000z\000l\000e}{section.2}% 5
\BOOKMARK [2][-]{subsection.2.4}{\376\377\000E\000c\000o\000n\000o\000m\000i\000c\000\040\000i\000n\000c\000e\000n\000t\000i\000v\000e\000s\000\040\000a\000n\000d\000\040\000a\000g\000e\000n\000t\000\040\000b\000e\000h\000a\000v\000i\000o\000r}{section.2}% 6
\BOOKMARK [1][-]{section.3}{\376\377\000W\000h\000a\000t\000\040\000I\000s\000\040\000D\000i\000f\000f\000e\000r\000e\000n\000t\000\040\000A\000b\000o\000u\000t\000\040\000T\000h\000i\000s\000\040\000D\000a\000t\000a}{}% 7
\BOOKMARK [1][-]{section.4}{\376\377\000R\000e\000p\000r\000e\000s\000e\000n\000t\000i\000n\000g\000\040\000t\000h\000e\000\040\000C\000u\000r\000v\000e\000:\000\040\000B\000-\000s\000p\000l\000i\000n\000e\000s}{}% 8
\BOOKMARK [1][-]{section.5}{\376\377\000F\000u\000n\000c\000t\000i\000o\000n\000a\000l\000\040\000P\000C\000A\000:\000\040\000C\000o\000m\000p\000r\000e\000s\000s\000i\000n\000g\000\040\000t\000h\000e\000\040\000C\000u\000r\000v\000e\000s}{}% 9
\BOOKMARK [2][-]{subsection.5.1}{\376\377\000S\000t\000a\000r\000t\000i\000n\000g\000\040\000f\000r\000o\000m\000\040\000c\000l\000a\000s\000s\000i\000c\000a\000l\000\040\000P\000C\000A}{section.5}% 10
\BOOKMARK [2][-]{subsection.5.2}{\376\377\000T\000h\000e\000\040\000f\000u\000n\000c\000t\000i\000o\000n\000a\000l\000\040\000v\000e\000r\000s\000i\000o\000n}{section.5}% 11
\BOOKMARK [2][-]{subsection.5.3}{\376\377\000W\000h\000y\000\040\000K\000\040\000=\000\040\0002\000?}{section.5}% 12
\BOOKMARK [1][-]{section.6}{\376\377\000F\000o\000r\000e\000c\000a\000s\000t\000i\000n\000g\000\040\000t\000h\000e\000\040\000S\000c\000o\000r\000e\000s\000:\000\040\000V\000A\000R\000\050\0001\000,\0007\000\051}{}% 13
\BOOKMARK [2][-]{subsection.6.1}{\376\377\000T\000h\000e\000\040\000f\000o\000r\000e\000c\000a\000s\000t\000i\000n\000g\000\040\000p\000r\000o\000b\000l\000e\000m\000\040\000a\000f\000t\000e\000r\000\040\000F\000P\000C\000A}{section.6}% 14
\BOOKMARK [2][-]{subsection.6.2}{\376\377\000V\000e\000c\000t\000o\000r\000\040\000A\000u\000t\000o\000r\000e\000g\000r\000e\000s\000s\000i\000o\000n}{section.6}% 15
\BOOKMARK [2][-]{subsection.6.3}{\376\377\000W\000h\000y\000\040\000l\000a\000g\000s\000\040\0001\000\040\000a\000n\000d\000\040\0007\000?}{section.6}% 16
\BOOKMARK [2][-]{subsection.6.4}{\376\377\000A\000d\000d\000i\000n\000g\000\040\000e\000x\000t\000e\000r\000n\000a\000l\000\040\000f\000e\000a\000t\000u\000r\000e\000s}{section.6}% 17
\BOOKMARK [1][-]{section.7}{\376\377\000R\000o\000l\000l\000i\000n\000g\000-\000O\000r\000i\000g\000i\000n\000\040\000E\000v\000a\000l\000u\000a\000t\000i\000o\000n}{}% 18
\BOOKMARK [2][-]{subsection.7.1}{\376\377\000T\000h\000e\000\040\000k\000e\000y\000\040\000p\000r\000i\000n\000c\000i\000p\000l\000e}{section.7}% 19
\BOOKMARK [2][-]{subsection.7.2}{\376\377\000E\000x\000p\000a\000n\000d\000i\000n\000g\000\040\000v\000s\000\040\000s\000l\000i\000d\000i\000n\000g\000\040\000w\000i\000n\000d\000o\000w}{section.7}% 20
\BOOKMARK [1][-]{section.8}{\376\377\000E\000v\000a\000l\000u\000a\000t\000i\000o\000n\000\040\000M\000e\000t\000r\000i\000c\000s}{}% 21
\BOOKMARK [2][-]{subsection.8.1}{\376\377\000T\000h\000e\000\040\000t\000h\000r\000e\000e\000\040\000m\000e\000t\000r\000i\000c\000s}{section.8}% 22
\BOOKMARK [2][-]{subsection.8.2}{\376\377\000R\000e\000l\000a\000t\000i\000v\000e\000\040\000g\000a\000i\000n\000\040\000v\000s\000\040\000t\000h\000e\000\040\000o\000f\000f\000i\000c\000i\000a\000l\000\040\000f\000o\000r\000e\000c\000a\000s\000t}{section.8}% 23
\BOOKMARK [2][-]{subsection.8.3}{\376\377\000T\000h\000e\000\040\000r\000e\000s\000u\000l\000t\000s}{section.8}% 24
\BOOKMARK [1][-]{section.9}{\376\377\000W\000h\000y\000\040\000C\000o\000m\000p\000a\000r\000i\000n\000g\000\040\000M\000A\000E\000\040\000N\000u\000m\000b\000e\000r\000s\000\040\000I\000s\000\040\000N\000o\000t\000\040\000E\000n\000o\000u\000g\000h\000:\000\040\000T\000h\000e\000\040\000D\000M\000\040\000T\000e\000s\000t}{}% 25
\BOOKMARK [2][-]{subsection.9.1}{\376\377\000T\000h\000e\000\040\000p\000r\000o\000b\000l\000e\000m\000\040\000w\000i\000t\000h\000\040\000j\000u\000s\000t\000\040\000l\000o\000o\000k\000i\000n\000g\000\040\000a\000t\000\040\000n\000u\000m\000b\000e\000r\000s}{section.9}% 26
\BOOKMARK [2][-]{subsection.9.2}{\376\377\000T\000h\000e\000\040\000D\000i\000e\000b\000o\000l\000d\000-\000M\000a\000r\000i\000a\000n\000o\000\040\000t\000e\000s\000t}{section.9}% 27
\BOOKMARK [2][-]{subsection.9.3}{\376\377\000T\000h\000e\000\040\000r\000e\000s\000u\000l\000t\000s}{section.9}% 28
\BOOKMARK [1][-]{section.10}{\376\377\000A\000C\000F\000\040\000D\000i\000a\000g\000n\000o\000s\000t\000i\000c\000s\000:\000\040\000A\000r\000e\000\040\000t\000h\000e\000\040\000E\000r\000r\000o\000r\000s\000\040\000R\000a\000n\000d\000o\000m\000?}{}% 29
\BOOKMARK [2][-]{subsection.10.1}{\376\377\000W\000h\000a\000t\000\040\000t\000h\000e\000\040\000A\000C\000F\000\040\000m\000e\000a\000s\000u\000r\000e\000s}{section.10}% 30
\BOOKMARK [2][-]{subsection.10.2}{\376\377\000W\000h\000a\000t\000\040\000w\000e\000\040\000f\000i\000n\000d}{section.10}% 31
\BOOKMARK [2][-]{subsection.10.3}{\376\377\000W\000h\000y\000\040\000t\000h\000i\000s\000\040\000m\000a\000t\000t\000e\000r\000s\000:\000\040\000t\000h\000e\000\040\000r\000e\000s\000i\000d\000u\000a\000l\000\040\000s\000t\000e\000p}{section.10}% 32
\BOOKMARK [1][-]{section.11}{\376\377\000E\000i\000g\000e\000n\000f\000u\000n\000c\000t\000i\000o\000n\000\040\000S\000t\000a\000b\000i\000l\000i\000t\000y\000\040\000a\000n\000d\000\040\000D\000y\000n\000a\000m\000i\000c\000\040\000F\000P\000C\000A}{}% 33
\BOOKMARK [1][-]{section.12}{\376\377\000T\000h\000e\000\040\000R\000a\000n\000d\000o\000m\000\040\000F\000o\000r\000e\000s\000t\000\040\000B\000e\000n\000c\000h\000m\000a\000r\000k}{}% 34
\BOOKMARK [2][-]{subsection.12.1}{\376\377\000W\000h\000y\000\040\000a\000\040\000m\000a\000c\000h\000i\000n\000e\000\040\000l\000e\000a\000r\000n\000i\000n\000g\000\040\000c\000o\000m\000p\000a\000r\000i\000s\000o\000n\000?}{section.12}% 35
\BOOKMARK [2][-]{subsection.12.2}{\376\377\000W\000h\000y\000\040\000k\000e\000e\000p\000\040\000t\000h\000e\000\040\000F\000P\000C\000A\000\040\000s\000t\000r\000u\000c\000t\000u\000r\000e}{section.12}% 36
\BOOKMARK [2][-]{subsection.12.3}{\376\377\000W\000h\000a\000t\000\040\000t\000h\000e\000\040\000c\000o\000m\000p\000a\000r\000i\000s\000o\000n\000\040\000t\000e\000l\000l\000s\000\040\000u\000s}{section.12}% 37
\BOOKMARK [2][-]{subsection.12.4}{\376\377\000R\000e\000s\000u\000l\000t\000s}{section.12}% 38
\BOOKMARK [1][-]{section.13}{\376\377\000T\000h\000e\000\040\000C\000o\000h\000e\000r\000e\000n\000t\000\040\000N\000a\000r\000r\000a\000t\000i\000v\000e}{}% 39
\BOOKMARK [1][-]{section.14}{\376\377\000C\000o\000n\000c\000e\000p\000t\000s\000\040\000t\000o\000\040\000K\000n\000o\000w\000\040\000C\000o\000l\000d\000\040\000f\000o\000r\000\040\000t\000h\000e\000\040\000P\000r\000e\000s\000e\000n\000t\000a\000t\000i\000o\000n}{}% 40
